// Jest Snapshot v1, https://goo.gl/fbAQLP

exports[`SubscribeSection matches snapshot 1`] = `
<body>
  <div>
    <div
      class="fixed max-w-sm w-full right-0 top-0 flex flex-col justify-end items-start space-y-4 pointer-events-none z-30 p-4"
    />
    <div
      class="py-8 px-4 lg:py-12 lg:px-6 w-full prose dark:prose-light mx-auto max-w-7xl"
    >
      <div
        class="px-6 py-8 rounded-3xl shadow-xl dark:shadow-none bg-primary-dark grid grid-cols-1 gap-8 lg:grid-cols-2 items-center py-8 px-4 lg:px-16 lg:py-24"
      >
        <div
          class="space-y-2"
        >
          <h1
            class="text-white text-2xl font-extrabold m-0"
          />
          <p
            class="text-gray-200 m-0"
          />
        </div>
        <form
          class="flex space-x-4"
        >
          <div
            class="w-full"
          >
            <div
              class="relative"
            >
              <input
                class="shadow-sm focus:outline-none w-full border bg-light border-light-400 rounded-md block text-gray-900 placeholder-gray-500 focus:border-primary-600 focus:ring-primary-600 focus:ring-1 dark:bg-dark-light dark:border-transparent dark:text-white px-5 py-3 text-lg"
                id="123456879"
                name="email"
                placeholder="Enter Your Email"
                type="email"
              />
            </div>
          </div>
          <div
            class="flex-shrink-0"
          >
            <button
              class="inline-flex items-center justify-center focus:outline-none font-medium rounded-md text-white bg-gradient-to-tr from-primary-500 to-primary-800    px-5 py-3 text-lg "
              type="submit"
            >
              Get Early Access
            </button>
          </div>
        </form>
      </div>
    </div>
  </div>
</body>
`;
