// Jest Snapshot v1, https://goo.gl/fbAQLP

exports[`Input matches snapshot 1`] = `
<body>
  <div>
    <div
      class="w-full"
    >
      <div
        class="relative"
      >
        <input
          class="shadow-sm focus:outline-none w-full border bg-light border-light-400 rounded-md block text-gray-900 placeholder-gray-500 focus:border-primary-600 focus:ring-primary-600 focus:ring-1 dark:bg-dark-light dark:border-transparent dark:text-white px-4 py-2"
          id="123456879"
        />
      </div>
    </div>
  </div>
</body>
`;
