// Jest Snapshot v1, https://goo.gl/fbAQLP

exports[`Card matches snapshot 1`] = `
<body>
  <div>
    <div
      class="px-6 py-8 rounded-3xl shadow-md dark:shadow-none bg-light dark:bg-dark-light"
    >
      this is a card
    </div>
  </div>
</body>
`;
