// Jest Snapshot v1, https://goo.gl/fbAQLP

exports[`Apprearance Context matches snapshot 1`] = `
<body>
  <div>
    <div
      class="dark"
    >
      <div
        class="transform transition-colors h-full bg-light dark:bg-dark"
      >
        <button>
          Toggle Dark Mode
        </button>
        dark
      </div>
    </div>
  </div>
</body>
`;
