// Jest Snapshot v1, https://goo.gl/fbAQLP

exports[`Navbar matches snapshot 1`] = `
<body>
  <div>
    <div
      class=""
    >
      <div
        class="transform transition-colors h-full bg-light dark:bg-dark"
      >
        <div
          class="px-4 sm:px-6 lg:px-8 py-2"
        >
          <div
            class="mx-auto relative flex items-center justify-between h-16 max-w-7xl w-full"
          >
            <a
              href="/"
            >
              <img
                alt="logo"
                class="mx-auto w-auto h-8 sm:h-10"
                src="/logo.png"
              />
            </a>
            <div
              class="hidden md:flex justify-center space-x-8 flex-1"
            >
              <a
                class="text-gray-500 hover:text-gray-900 dark:text-white dark:hover:text-primary no-underline font-medium"
                href="/packages"
              >
                Packages
              </a>
              <a
                class="text-gray-500 hover:text-gray-900 dark:text-white dark:hover:text-primary no-underline font-medium"
                href="/docs"
              >
                Docs
              </a>
              <a
                class="text-gray-500 hover:text-gray-900 dark:text-white dark:hover:text-primary no-underline font-medium"
                href="/guides"
              >
                Guides
              </a>
            </div>
            <div
              class="hidden md:flex items-center justify-end space-x-8"
            >
              <button
                class="text-gray-500 hover:text-gray-900 dark:text-white dark:hover:text-primary no-underline font-medium"
              >
                <svg
                  class="h-6 w-6"
                  fill="currentColor"
                  height="1em"
                  stroke="currentColor"
                  stroke-width="0"
                  viewBox="0 0 20 20"
                  width="1em"
                  xmlns="http://www.w3.org/2000/svg"
                >
                  <path
                    d="M17.293 13.293A8 8 0 016.707 2.707a8.001 8.001 0 1010.586 10.586z"
                  />
                </svg>
              </button>
            </div>
            <div>
              <div
                class="md:hidden"
              >
                <button
                  class="prose dark:prose-light dark:hover:bg-dark-light hover:bg-light-dark rounded-md p-2 inline-flex items-center justify-center focus:outline-none"
                  type="button"
                >
                  <svg
                    class="h-6 w-6"
                    fill="currentColor"
                    height="1em"
                    stroke="currentColor"
                    stroke-width="0"
                    viewBox="0 0 20 20"
                    width="1em"
                    xmlns="http://www.w3.org/2000/svg"
                  >
                    <path
                      clip-rule="evenodd"
                      d="M3 5a1 1 0 011-1h12a1 1 0 110 2H4a1 1 0 01-1-1zM3 10a1 1 0 011-1h12a1 1 0 110 2H4a1 1 0 01-1-1zM3 15a1 1 0 011-1h12a1 1 0 110 2H4a1 1 0 01-1-1z"
                      fill-rule="evenodd"
                    />
                  </svg>
                </button>
              </div>
            </div>
          </div>
        </div>
      </div>
    </div>
  </div>
</body>
`;
