// Jest Snapshot v1, https://goo.gl/fbAQLP

exports[`HeroSection matches snapshot 1`] = `
<body>
  <div>
    <div
      class="fixed max-w-sm w-full right-0 top-0 flex flex-col justify-end items-start space-y-4 pointer-events-none z-30 p-4"
    />
    <div
      class="py-8 px-4 lg:py-12 lg:px-6 w-full prose dark:prose-light mx-auto max-w-none"
    >
      <div
        class="max-w-7xl mx-auto text-center prose-xl dark:prose-light py-12"
      >
        <h1
          class="font-extrabold m-0"
        >
          <span
            class="mr-3"
          >
            mockTitle
          </span>
          <span
            class="text-primary"
          />
        </h1>
        <p
          class="mt-3"
        >
          mockDescription
        </p>
        <form
          class="flex space-x-4 max-w-lg mx-auto py-8"
        >
          <div
            class="w-full"
          >
            <div
              class="relative"
            >
              <input
                class="shadow-sm focus:outline-none w-full border bg-light border-light-400 rounded-md block text-gray-900 placeholder-gray-500 focus:border-primary-600 focus:ring-primary-600 focus:ring-1 dark:bg-dark-light dark:border-transparent dark:text-white px-4 py-2"
                id="123456879"
                name="email"
                placeholder="Enter Your Email"
                type="email"
              />
            </div>
          </div>
          <div
            class="flex-shrink-0"
          >
            <button
              class="inline-flex items-center justify-center focus:outline-none font-medium rounded-md text-white bg-gradient-to-tr from-primary-500 to-primary-800    px-4 py-2 "
              type="submit"
            >
              Get Early Access
            </button>
          </div>
        </form>
      </div>
    </div>
  </div>
</body>
`;
