// Jest Snapshot v1, https://goo.gl/fbAQLP

exports[`NavMobileMenu matches snapshot 1`] = `
<body>
  <div>
    <div>
      <div
        class="md:hidden"
      >
        <button
          class="prose dark:prose-light dark:hover:bg-dark-light hover:bg-light-dark rounded-md p-2 inline-flex items-center justify-center focus:outline-none"
          type="button"
        >
          <svg
            class="h-6 w-6"
            fill="currentColor"
            height="1em"
            stroke="currentColor"
            stroke-width="0"
            viewBox="0 0 20 20"
            width="1em"
            xmlns="http://www.w3.org/2000/svg"
          >
            <path
              clip-rule="evenodd"
              d="M3 5a1 1 0 011-1h12a1 1 0 110 2H4a1 1 0 01-1-1zM3 10a1 1 0 011-1h12a1 1 0 110 2H4a1 1 0 01-1-1zM3 15a1 1 0 011-1h12a1 1 0 110 2H4a1 1 0 01-1-1z"
              fill-rule="evenodd"
            />
          </svg>
        </button>
      </div>
    </div>
  </div>
</body>
`;
