// Jest Snapshot v1, https://goo.gl/fbAQLP

exports[`Header matches snapshot 1`] = `
<body>
  <div>
    <div
      class="py-8 px-4 lg:py-12 lg:px-6 w-full prose dark:prose-light mx-auto max-w-none text-center space-y-4"
    >
      <h1
        class="m-0"
      >
        mockTitle
      </h1>
      <p
        class="max-w-xl mx-auto text-xl m-0"
      >
        mockDescription
      </p>
    </div>
  </div>
</body>
`;
