// Jest Snapshot v1, https://goo.gl/fbAQLP

exports[`Avatar matches snapshot 1`] = `
<body>
  <div>
    <div
      class="relative rounded-full overflow-hidden flex items-center flex-shrink-0 h-10 w-10"
    >
      <img
        alt=""
        src=""
      />
    </div>
  </div>
</body>
`;
