// Jest Snapshot v1, https://goo.gl/fbAQLP

exports[`NotificationProvider matches snapshot 1`] = `
<body>
  <div>
    <div
      class="fixed max-w-sm w-full right-0 top-0 flex flex-col justify-end items-start space-y-4 pointer-events-none z-30 p-4"
    />
    <button>
      mockAddNotificationButtonText
    </button>
    <button>
      mockAddSuccessNotificationButtonText
    </button>
    <button>
      mockAddErrorNotificationButtonText
    </button>
  </div>
</body>
`;
