// Jest Snapshot v1, https://goo.gl/fbAQLP

exports[`TextArea matches snapshot 1`] = `
<body>
  <div>
    <div>
      <div
        class="relative"
      >
        <textarea
          class="shadow-sm focus:outline-none w-full border border-light-400 rounded-md block text-gray-900 placeholder-gray-500 focus:border-primary-600 focus:ring-primary-600 focus:ring-1 px-4 py-2 resize-none dark:bg-dark-light dark:border-transparent dark:text-white"
        />
      </div>
    </div>
  </div>
</body>
`;
