// Jest Snapshot v1, https://goo.gl/fbAQLP

exports[`FeatureGridSection matches snapshot 1`] = `
<body>
  <div>
    <div
      class="py-8 px-4 lg:py-12 lg:px-6 w-full prose dark:prose-light mx-auto max-w-7xl"
    >
      <div
        class="max-w-3xl mx-auto text-center"
      >
        <h2
          class="text-3xl font-extrabold text-gray-900"
        >
          mockTitle
        </h2>
        <p
          class="mt-4 text-xl"
        >
          mockDescription
        </p>
      </div>
      <dl
        class="mt-12 space-y-10 sm:space-y-0 sm:grid sm:grid-cols-2 sm:gap-x-6 sm:gap-y-12 lg:grid-cols-4 lg:gap-x-8"
      >
        <div
          class="relative"
        >
          <dt
            class="flex space-x-2"
          >
            <svg
              class="text-green-500 h-6 w-6"
              fill="currentColor"
              height="1em"
              stroke="currentColor"
              stroke-width="0"
              viewBox="0 0 20 20"
              width="1em"
              xmlns="http://www.w3.org/2000/svg"
            >
              <path
                clip-rule="evenodd"
                d="M10 18a8 8 0 100-16 8 8 0 000 16zm3.707-9.293a1 1 0 00-1.414-1.414L9 10.586 7.707 9.293a1 1 0 00-1.414 1.414l2 2a1 1 0 001.414 0l4-4z"
                fill-rule="evenodd"
              />
            </svg>
            <h3
              class="text-xl font-medium m-0"
            >
              Marketing
            </h3>
          </dt>
          <dd
            class="mt-2 ml-8 text-base"
          >
            Lorem ipsum, dolor sit amet consectetur adipisicing elit. Maiores impedit perferendis suscipit eaque, iste dolor cupiditate blanditiis ratione.
          </dd>
        </div>
        <div
          class="relative"
        >
          <dt
            class="flex space-x-2"
          >
            <svg
              class="text-green-500 h-6 w-6"
              fill="currentColor"
              height="1em"
              stroke="currentColor"
              stroke-width="0"
              viewBox="0 0 20 20"
              width="1em"
              xmlns="http://www.w3.org/2000/svg"
            >
              <path
                clip-rule="evenodd"
                d="M10 18a8 8 0 100-16 8 8 0 000 16zm3.707-9.293a1 1 0 00-1.414-1.414L9 10.586 7.707 9.293a1 1 0 00-1.414 1.414l2 2a1 1 0 001.414 0l4-4z"
                fill-rule="evenodd"
              />
            </svg>
            <h3
              class="text-xl font-medium m-0"
            >
              Application
            </h3>
          </dt>
          <dd
            class="mt-2 ml-8 text-base"
          >
            Lorem ipsum, dolor sit amet consectetur adipisicing elit. Maiores impedit perferendis suscipit eaque, iste dolor cupiditate blanditiis ratione.
          </dd>
        </div>
        <div
          class="relative"
        >
          <dt
            class="flex space-x-2"
          >
            <svg
              class="text-green-500 h-6 w-6"
              fill="currentColor"
              height="1em"
              stroke="currentColor"
              stroke-width="0"
              viewBox="0 0 20 20"
              width="1em"
              xmlns="http://www.w3.org/2000/svg"
            >
              <path
                clip-rule="evenodd"
                d="M10 18a8 8 0 100-16 8 8 0 000 16zm3.707-9.293a1 1 0 00-1.414-1.414L9 10.586 7.707 9.293a1 1 0 00-1.414 1.414l2 2a1 1 0 001.414 0l4-4z"
                fill-rule="evenodd"
              />
            </svg>
            <h3
              class="text-xl font-medium m-0"
            >
              Design System
            </h3>
          </dt>
          <dd
            class="mt-2 ml-8 text-base"
          >
            Lorem ipsum, dolor sit amet consectetur adipisicing elit. Maiores impedit perferendis suscipit eaque, iste dolor cupiditate blanditiis ratione.
          </dd>
        </div>
      </dl>
    </div>
  </div>
</body>
`;
